// Jest Snapshot v1, https://goo.gl/fbAQLP

exports[`inex file testing Should render app without crashing 1`] = `"{\\"_reactInternalInstance\\":\\"censord\\"}"`;
